/*C37*/SET SCHEMA PUBLIC
DISCONNECT
/*C38*/SET SCHEMA PUBLIC
DISCONNECT
/*C39*/SET SCHEMA PUBLIC
DISCONNECT
/*C40*/SET SCHEMA PUBLIC
drop table greeting if exists
create table greeting (ID integer generated by default as identity (start with 1), GREETING_DATE timestamp, GREETING_TEXT varchar(255), USERNAME varchar(255), primary key (ID))
DISCONNECT
/*C41*/SET SCHEMA PUBLIC
DISCONNECT
/*C42*/SET SCHEMA PUBLIC
drop table greeting if exists
create table greeting (ID integer generated by default as identity (start with 1), GREETING_DATE timestamp, GREETING_TEXT varchar(255), USERNAME varchar(255), primary key (ID))
DISCONNECT
/*C43*/SET SCHEMA PUBLIC
DISCONNECT
/*C44*/SET SCHEMA PUBLIC
drop table greeting if exists
create table greeting (ID integer generated by default as identity (start with 1), GREETING_DATE timestamp, GREETING_TEXT varchar(255), USERNAME varchar(255), primary key (ID))
INSERT INTO GREETING VALUES(1,'2015-01-15 14:26:48.184000','new greeting','jane')
COMMIT
INSERT INTO GREETING VALUES(2,'2015-01-15 14:27:33.353000','afdadfadfa','jane')
COMMIT
